[webthemez.com/demo/fine-best-app-landing-page-free-web-template/index.html]
[backblue.gif]
[fade.gif]
[index.html]
[webthemez.com/demo/fine-best-app-landing-page-free-web-template/css/bootstrap.min.css]
[webthemez.com/demo/fine-best-app-landing-page-free-web-template/css/font-awesome.min.css]
[webthemez.com/demo/fine-best-app-landing-page-free-web-template/fonts/icon-7-stroke/css/pe-icon-7-stroke.css]
[webthemez.com/demo/fine-best-app-landing-page-free-web-template/css/animate.css]
[webthemez.com/demo/fine-best-app-landing-page-free-web-template/css/owl.theme.css]
[webthemez.com/demo/fine-best-app-landing-page-free-web-template/css/owl.carousel.css]
[webthemez.com/demo/fine-best-app-landing-page-free-web-template/css/styles.css]
[maxcdn.bootstrapcdn.com/font-awesome/4.2.0/css/font-awesome.min.css]
[webthemez.com/demo/fine-best-app-landing-page-free-web-template/images/logo.png]
[webthemez.com/demo/fine-best-app-landing-page-free-web-template/images/header-phone.png]
[webthemez.com/demo/fine-best-app-landing-page-free-web-template/images/feature2-image.png]
[webthemez.com/demo/fine-best-app-landing-page-free-web-template/images/featured-app.png]
[webthemez.com/demo/fine-best-app-landing-page-free-web-template/images/bg.jpg]
[webthemez.com/demo/fine-best-app-landing-page-free-web-template/images/img1.jpg]
[webthemez.com/demo/fine-best-app-landing-page-free-web-template/images/img2.jpg]
[webthemez.com/demo/fine-best-app-landing-page-free-web-template/images/img3.jpg]
[webthemez.com/demo/fine-best-app-landing-page-free-web-template/images/img4.jpg]
[webthemez.com/demo/fine-best-app-landing-page-free-web-template/images/img5.jpg]
[webthemez.com/demo/fine-best-app-landing-page-free-web-template/images/img6.jpg]
[webthemez.com/demo/fine-best-app-landing-page-free-web-template/images/img7.jpg]
[webthemez.com/demo/fine-best-app-landing-page-free-web-template/images/img8.jpg]
[webthemez.com/demo/fine-best-app-landing-page-free-web-template/images/client.jpg]
[webthemez.com/demo/fine-best-app-landing-page-free-web-template/images/client2.jpg]
[webthemez.com/demo/fine-best-app-landing-page-free-web-template/images/client3.jpg]
[webthemez.com/demo/fine-best-app-landing-page-free-web-template/js/jquery.js]
[webthemez.com/demo/fine-best-app-landing-page-free-web-template/js/bootstrap.min.js]
[webthemez.com/demo/fine-best-app-landing-page-free-web-template/js/custom.js]
[webthemez.com/demo/fine-best-app-landing-page-free-web-template/js/jquery.sticky.js]
[webthemez.com/demo/fine-best-app-landing-page-free-web-template/js/wow.min.js]
[webthemez.com/demo/fine-best-app-landing-page-free-web-template/js/owl.carousel.min.js]
[webthemez.com/demo/fine-best-app-landing-page-free-web-template/index.html]
[webthemez.com/demo/fine-best-app-landing-page-free-web-template/js/ekko-lightbox-min.js]
[webthemez.com/demo/fine-best-app-landing-page-free-web-template/fonts/glyphicons-halflings-regular.eot]
[webthemez.com/demo/fine-best-app-landing-page-free-web-template/fonts/glyphicons-halflings-regular.woff]
[webthemez.com/demo/fine-best-app-landing-page-free-web-template/fonts/glyphicons-halflings-regulard41d.eot]
[webthemez.com/demo/fine-best-app-landing-page-free-web-template/fonts/glyphicons-halflings-regular.ttf]
[webthemez.com/demo/fine-best-app-landing-page-free-web-template/css/bootstrap.min.css]
[webthemez.com/demo/fine-best-app-landing-page-free-web-template/fonts/glyphicons-halflings-regular.svg]
[webthemez.com/demo/fine-best-app-landing-page-free-web-template/fonts/fontawesome-webfont78ce.eot]
[webthemez.com/demo/fine-best-app-landing-page-free-web-template/fonts/fontawesome-webfontd41d.eot]
[webthemez.com/demo/fine-best-app-landing-page-free-web-template/fonts/fontawesome-webfont78ce.woff]
[webthemez.com/demo/fine-best-app-landing-page-free-web-template/fonts/fontawesome-webfont78ce.ttf]
[webthemez.com/demo/fine-best-app-landing-page-free-web-template/css/font-awesome.min.css]
[webthemez.com/demo/fine-best-app-landing-page-free-web-template/fonts/fontawesome-webfont78ce.svg]
[webthemez.com/demo/fine-best-app-landing-page-free-web-template/fonts/icon-7-stroke/fonts/Pe-icon-7-strokea93c.eot]
[webthemez.com/demo/fine-best-app-landing-page-free-web-template/fonts/icon-7-stroke/fonts/Pe-icon-7-stroked41d.eot]
[webthemez.com/demo/fine-best-app-landing-page-free-web-template/fonts/icon-7-stroke/fonts/Pe-icon-7-strokea93c.woff]
[webthemez.com/demo/fine-best-app-landing-page-free-web-template/fonts/icon-7-stroke/fonts/Pe-icon-7-strokea93c.ttf]
[webthemez.com/demo/fine-best-app-landing-page-free-web-template/fonts/icon-7-stroke/css/pe-icon-7-stroke.css]
[webthemez.com/demo/fine-best-app-landing-page-free-web-template/css/animate.css]
[webthemez.com/demo/fine-best-app-landing-page-free-web-template/fonts/icon-7-stroke/fonts/Pe-icon-7-strokea93c.svg]
[webthemez.com/demo/fine-best-app-landing-page-free-web-template/css/owl.theme.css]
[webthemez.com/demo/fine-best-app-landing-page-free-web-template/css/owl.carousel.css]
[webthemez.com/demo/fine-best-app-landing-page-free-web-template/css/styles.css]
[maxcdn.bootstrapcdn.com/font-awesome/4.2.0/css/font-awesome.min.css]
[webthemez.com/demo/fine-best-app-landing-page-free-web-template/fonts/glyphicons-halflings-regular.svg]
[webthemez.com/demo/fine-best-app-landing-page-free-web-template/fonts/fontawesome-webfont78ce.svg]
[webthemez.com/demo/fine-best-app-landing-page-free-web-template/fonts/icon-7-stroke/fonts/Pe-icon-7-strokea93c.svg]
[webthemez.com/demo/fine-best-app-landing-page-free-web-template/images/loading.html]
[webthemez.com/demo/fine-best-app-landing-page-free-web-template/css/grabbing.html]
